[INFO] Scanning for projects...
[INFO] 
[INFO] ----------------< org.unigrid.hedgehog:hedgehog-native >----------------
[INFO] Building Unigrid Hedgehog Native Image 0.0.8-SNAPSHOT
[INFO]   from pom.xml
[INFO] --------------------------------[ jar ]---------------------------------
[INFO] 
[INFO] --- clean:3.2.0:clean (default-clean) @ hedgehog-native ---
[INFO] Deleting /mnt/c/Project1/hedgehog/native-image/target
[INFO] 
[INFO] --- jacoco:0.8.14:prepare-agent (pre-unit-test) @ hedgehog-native ---
[INFO] surefireArgLine set to -javaagent:/home/eric/.m2/repository/org/jacoco/org.jacoco.agent/0.8.14/org.jacoco.agent-0.8.14-runtime.jar=destfile=/mnt/c/Project1/hedgehog/native-image/target/jacoco.exec,append=true,excludes=org/unigrid/hedgehog/model/network/**/*:**/ConnectionContainer*:**/TopologyThread*
[INFO] 
[INFO] --- build-helper:3.3.0:cpu-count (get-cpu-count) @ hedgehog-native ---
[INFO] CPU count: 2
[INFO] 
[INFO] --- resources:3.3.1:resources (default-resources) @ hedgehog-native ---
[INFO] Copying 1 resource from ../application/src/main/resources-filtered to target/classes
[INFO] The encoding used to copy filtered properties files have not been set. This means that the same encoding will be used to copy filtered properties files as when copying other filtered resources. This might not be what you want! Run your build with --debug to see which files might be affected. Read more at https://maven.apache.org/plugins/maven-resources-plugin/examples/filtering-properties-files.html
[INFO] 
[INFO] --- compiler:3.13.0:compile (default-compile) @ hedgehog-native ---
[INFO] Recompiling the module because of changed source code.
[INFO] Compiling 9 source files with javac [debug deprecation release 25] to target/classes
WARNING: A terminally deprecated method in sun.misc.Unsafe has been called
WARNING: sun.misc.Unsafe::objectFieldOffset has been called by lombok.permit.Permit
WARNING: Please consider reporting this to the maintainers of class lombok.permit.Permit
WARNING: sun.misc.Unsafe::objectFieldOffset will be removed in a future release
[INFO] 
[INFO] --- resources:3.3.1:testResources (default-testResources) @ hedgehog-native ---
[INFO] skip non existing resourceDirectory /mnt/c/Project1/hedgehog/native-image/src/test/resources
[INFO] 
[INFO] --- compiler:3.13.0:testCompile (default-testCompile) @ hedgehog-native ---
[INFO] No sources to compile
[INFO] 
[INFO] --- surefire:3.0.0-M7:test (default-test) @ hedgehog-native ---
[WARNING]  Parameter 'systemProperties' is deprecated: Use systemPropertyVariables instead.
[INFO] Tests are skipped.
[INFO] 
[INFO] --- jar:3.4.1:jar (default-jar) @ hedgehog-native ---
[INFO] Building jar: /mnt/c/Project1/hedgehog/native-image/target/hedgehog-native-0.0.8-SNAPSHOT.jar
[INFO] 
[INFO] --- assembly:3.4.2:single (default) @ hedgehog-native ---
[INFO] Building jar: /mnt/c/Project1/hedgehog/native-image/target/hedgehog-native-0.0.8-SNAPSHOT-jar-with-dependencies.jar
[INFO] 
[INFO] --- tentackle-jlink:17.12.0.0:jlink (default) @ hedgehog-native ---
[WARNING] missing descriptor for /home/eric/.m2/repository/org/glassfish/jersey/containers/jersey-container-jdk-http/3.0.10/jersey-container-jdk-http-3.0.10.jar -> creating default descriptor 'jersey-container-jdk-http'
[INFO] full-blown module  org.unigrid.hedgehog                          org.unigrid.hedgehog:hedgehog:jar:0.0.8-SNAPSHOT:compile
[INFO] full-blown module  info.picocli                                  info.picocli:picocli:jar:4.7.3:compile
[INFO] automatic module   free.port.finder                              me.alexpanov:free-port-finder:jar:1.1.1:compile
[INFO] automatic module   org.apache.commons.codec                      commons-codec:commons-codec:jar:1.15:compile
[INFO] automatic module   org.apache.commons.collections4               org.apache.commons:commons-collections4:jar:4.4:compile
[INFO] automatic module   org.apache.commons.configuration2             org.apache.commons:commons-configuration2:jar:2.9.0:compile
[INFO] automatic module   org.apache.commons.text                       org.apache.commons:commons-text:jar:1.10.0:compile
[INFO] automatic module   commons.logging                               commons-logging:commons-logging:jar:1.2:compile
[INFO] automatic module   weld.se.core                                  org.jboss.weld.se:weld-se-core:jar:5.1.0.Final:compile
[INFO] automatic module   weld.environment.common                       org.jboss.weld.environment:weld-environment-common:jar:5.1.0.Final:compile
[INFO] automatic module   weld.core.impl                                org.jboss.weld:weld-core-impl:jar:5.1.0.Final:compile
[INFO] automatic module   weld.api                                      org.jboss.weld:weld-api:jar:5.0.SP3:compile
[INFO] automatic module   weld.spi                                      org.jboss.weld:weld-spi:jar:5.0.SP3:compile
[INFO] automatic module   weld.lite.extension.translator                org.jboss.weld:weld-lite-extension-translator:jar:5.1.0.Final:compile
[INFO] full-blown module  jakarta.interceptor                           jakarta.interceptor:jakarta.interceptor-api:jar:2.1.0:compile
[INFO] automatic module   jboss.logging.processor                       org.jboss.logging:jboss-logging-processor:jar:2.2.1.Final:compile
[INFO] automatic module   jboss.logging.annotations                     org.jboss.logging:jboss-logging-annotations:jar:2.2.1.Final:compile
[INFO] automatic module   jdeparser                                     org.jboss.jdeparser:jdeparser:jar:2.0.3.Final:compile
[INFO] full-blown module  jakarta.cdi                                   jakarta.enterprise:jakarta.enterprise.cdi-api:jar:4.0.1:compile
[INFO] full-blown module  jakarta.cdi.lang.model                        jakarta.enterprise:jakarta.enterprise.lang-model:jar:4.0.1:compile
[INFO] full-blown module  jakarta.annotation                            jakarta.annotation:jakarta.annotation-api:jar:2.1.0:compile
[INFO] automatic module   jboss.classfilewriter                         org.jboss.classfilewriter:jboss-classfilewriter:jar:1.2.5.Final:compile
[INFO] full-blown module  lombok                                        org.projectlombok:lombok:jar:1.18.44:compile
[INFO] automatic module   org.reflections                               org.reflections:reflections:jar:0.10.2:compile
[INFO] automatic module   javassist                                     org.javassist:javassist:jar:3.28.0-GA:compile
[INFO] automatic module   jersey.container.netty.http                   org.glassfish.jersey.containers:jersey-container-netty-http:jar:3.0.10:compile
[INFO] full-blown module  jakarta.inject                                jakarta.inject:jakarta.inject-api:jar:2.0.1:compile
[INFO] automatic module   jersey.netty.connector                        org.glassfish.jersey.connectors:jersey-netty-connector:jar:3.0.10:compile
[INFO] automatic module   jersey.client                                 org.glassfish.jersey.core:jersey-client:jar:3.0.10:compile
[INFO] automatic module   jersey.common                                 org.glassfish.jersey.core:jersey-common:jar:3.0.10:compile
[INFO] automatic module   jersey.server                                 org.glassfish.jersey.core:jersey-server:jar:3.0.10:compile
[INFO] full-blown module  jakarta.ws.rs                                 jakarta.ws.rs:jakarta.ws.rs-api:jar:3.0.0:compile
[INFO] automatic module   jersey-container-jdk-http                     org.glassfish.jersey.containers:jersey-container-jdk-http:jar:3.0.10:compile
[INFO] automatic module   jersey.media.json.jackson                     org.glassfish.jersey.media:jersey-media-json-jackson:jar:3.0.10:compile
[INFO] automatic module   jersey.entity.filtering                       org.glassfish.jersey.ext:jersey-entity-filtering:jar:3.0.10:compile
[INFO] full-blown module  com.fasterxml.jackson.annotation              com.fasterxml.jackson.core:jackson-annotations:jar:2.14.1:compile
[INFO] full-blown module  com.fasterxml.jackson.databind                com.fasterxml.jackson.core:jackson-databind:jar:2.14.1:compile
[INFO] full-blown module  com.fasterxml.jackson.module.jakarta.xmlbind  com.fasterxml.jackson.module:jackson-module-jakarta-xmlbind-annotations:jar:2.14.1:compile
[INFO] full-blown module  jakarta.xml.bind                              jakarta.xml.bind:jakarta.xml.bind-api:jar:3.0.1:compile
[INFO] automatic module   jersey.media.jaxb                             org.glassfish.jersey.media:jersey-media-jaxb:jar:3.0.10:compile
[INFO] automatic module   osgi.resource.locator                         org.glassfish.hk2:osgi-resource-locator:jar:1.0.3:compile
[INFO] automatic module   jersey.hk2                                    org.glassfish.jersey.inject:jersey-hk2:jar:3.0.10:compile
[INFO] automatic module   org.glassfish.hk2.locator                     org.glassfish.hk2:hk2-locator:jar:3.0.3:compile
[INFO] automatic module   org.aopalliance                               org.glassfish.hk2.external:aopalliance-repackaged:jar:3.0.3:compile
[INFO] automatic module   org.glassfish.hk2.api                         org.glassfish.hk2:hk2-api:jar:3.0.3:compile
[INFO] automatic module   org.glassfish.hk2.utilities                   org.glassfish.hk2:hk2-utils:jar:3.0.3:compile
[INFO] automatic module   jersey.bean.validation                        org.glassfish.jersey.ext:jersey-bean-validation:jar:3.0.10:compile
[INFO] automatic module   jakarta.validation                            jakarta.validation:jakarta.validation-api:jar:3.0.0:compile
[INFO] automatic module   org.hibernate.validator                       org.hibernate.validator:hibernate-validator:jar:7.0.5.Final:compile
[INFO] full-blown module  com.fasterxml.classmate                       com.fasterxml:classmate:jar:1.5.1:compile
[INFO] automatic module   org.jboss.logging                             org.jboss.logging:jboss-logging:jar:3.4.2.Final:compile
[INFO] automatic module   jakarta.el                                    jakarta.el:jakarta.el-api:jar:4.0.0:compile
[INFO] automatic module   com.sun.el                                    org.glassfish:jakarta.el:jar:4.0.2:compile
[INFO] full-blown module  org.glassfish.jaxb.runtime                    org.glassfish.jaxb:jaxb-runtime:jar:3.0.2:compile
[INFO] full-blown module  jakarta.activation                            com.sun.activation:jakarta.activation:jar:2.0.1:compile
[INFO] full-blown module  org.glassfish.jaxb.core                       org.glassfish.jaxb:jaxb-core:jar:3.0.2:compile
[INFO] full-blown module  com.sun.xml.txw2                              org.glassfish.jaxb:txw2:jar:3.0.2:compile
[INFO] full-blown module  com.sun.istack.runtime                        com.sun.istack:istack-commons-runtime:jar:4.0.1:compile
[INFO] full-blown module  com.fasterxml.jackson.datatype.jsr310         com.fasterxml.jackson.datatype:jackson-datatype-jsr310:jar:2.13.3:compile
[INFO] full-blown module  com.fasterxml.jackson.core                    com.fasterxml.jackson.core:jackson-core:jar:2.13.3:compile
[INFO] automatic module   io.netty.all                                  io.netty:netty-all:jar:4.1.90.Final:compile
[INFO] full-blown module  org.bouncycastle.pkix                         org.bouncycastle:bcpkix-jdk15on:jar:1.70:compile
[INFO] full-blown module  org.bouncycastle.util                         org.bouncycastle:bcutil-jdk15on:jar:1.70:compile
[INFO] full-blown module  org.bouncycastle.provider                     org.bouncycastle:bcprov-jdk15on:jar:1.70:compile
[INFO] automatic module   io.netty.codec.http                           io.netty:netty-codec-http:jar:4.1.90.Final:compile
[INFO] automatic module   io.netty.common                               io.netty:netty-common:jar:4.1.90.Final:compile
[INFO] automatic module   io.netty.buffer                               io.netty:netty-buffer:jar:4.1.90.Final:compile
[INFO] automatic module   io.netty.transport                            io.netty:netty-transport:jar:4.1.90.Final:compile
[INFO] automatic module   io.netty.resolver                             io.netty:netty-resolver:jar:4.1.90.Final:compile
[INFO] automatic module   io.netty.codec                                io.netty:netty-codec:jar:4.1.90.Final:compile
[INFO] automatic module   io.netty.handler                              io.netty:netty-handler:jar:4.1.90.Final:compile
[INFO] automatic module   io.netty.transport.unix.common                io.netty:netty-transport-native-unix-common:jar:4.1.90.Final:compile
[INFO] automatic module   org.jboss.jandex                              io.smallrye:jandex:jar:3.0.5:compile
[INFO] full-blown module  ch.qos.logback.classic                        ch.qos.logback:logback-classic:jar:1.3.0-alpha16:compile
[INFO] full-blown module  ch.qos.logback.core                           ch.qos.logback:logback-core:jar:1.3.0-alpha16:compile
[INFO] full-blown module  org.slf4j                                     org.slf4j:slf4j-api:jar:2.0.0-alpha7:compile
[INFO] automatic module   jul.to.slf4j                                  org.slf4j:jul-to-slf4j:jar:2.0.0-alpha7:compile
[INFO] automatic module   j8fu                                          com.evolvedbinary.j8fu:j8fu:jar:1.23.0:compile
[INFO] automatic module   jcip.annotations                              net.jcip:jcip-annotations:jar:1.0:compile
[INFO] automatic module   io.netty.incubator.codec.quic.linux.x86_64    io.netty.incubator:netty-incubator-codec-native-quic:jar:linux-x86_64:0.0.39.Final:compile
[INFO] automatic module   io.netty.incubator.codec.classes.quic         io.netty.incubator:netty-incubator-codec-classes-quic:jar:0.0.39.Final:compile
[INFO] full-blown module  org.unigrid.hedgehog.common                   org.unigrid.hedgehog:hedgehog-common:jar:0.0.8-SNAPSHOT:compile
[INFO] automatic module   org.apache.commons.lang3                      org.apache.commons:commons-lang3:jar:3.12.0:compile
[INFO] automatic module   org.apache.commons.compress                   org.apache.commons:commons-compress:jar:1.22:compile
[INFO] automatic module   commons.exec                                  org.apache.commons:commons-exec:jar:1.3:compile
[INFO] automatic module   net.harawata.appdirs                          net.harawata:appdirs:jar:1.2.1:compile
[INFO] automatic module   com.sun.jna.platform                          net.java.dev.jna:jna-platform:jar:5.6.0:compile
[INFO] automatic module   com.sun.jna                                   net.java.dev.jna:jna:jar:5.6.0:compile
[INFO] creating jlink image for a classpath application with Java 25
[INFO] Building zip: /mnt/c/Project1/hedgehog/native-image/target/hedgehog-native-0.0.8-SNAPSHOT-jlink.zip
[INFO] 
[INFO] --- resources:3.3.1:copy-resources (copy-jlink-zip-to-classpath) @ hedgehog-native ---
[INFO] Copying 1 resource from target to target/classes
[INFO] 
[INFO] --- dependency:3.4.0:properties (default) @ hedgehog-native ---
[INFO] 
[INFO] --- native:0.10.2:compile-no-fork (build-native) @ hedgehog-native ---
[INFO] Found GraalVM installation from JAVA_HOME variable.
[INFO] Downloaded GraalVM reachability metadata repository from file:/home/eric/.m2/repository/org/graalvm/buildtools/graalvm-reachability-metadata/0.10.2/graalvm-reachability-metadata-0.10.2-repository.zip
[INFO] [graalvm reachability metadata repository for commons-logging:commons-logging:1.2]: Configuration directory is commons-logging/commons-logging/1.2
[INFO] [graalvm reachability metadata repository for com.fasterxml.jackson.core:jackson-databind:2.14.1]: Configuration directory not found. Trying latest version.
[INFO] [graalvm reachability metadata repository for com.fasterxml.jackson.core:jackson-databind:2.14.1]: Configuration directory is com.fasterxml.jackson.core/jackson-databind/2.15.2
[INFO] [graalvm reachability metadata repository for org.hibernate.validator:hibernate-validator:7.0.5.Final]: Configuration directory not found. Trying latest version.
[INFO] [graalvm reachability metadata repository for org.hibernate.validator:hibernate-validator:7.0.5.Final]: Configuration directory is org.hibernate.validator/hibernate-validator/7.0.4.Final
[INFO] [graalvm reachability metadata repository for org.hibernate.validator:hibernate-validator:7.0.5.Final]: Configuration directory not found. Trying latest version.
[INFO] [graalvm reachability metadata repository for org.hibernate.validator:hibernate-validator:7.0.5.Final]: Latest version not found!
[INFO] [graalvm reachability metadata repository for org.hibernate.validator:hibernate-validator:7.0.5.Final]: missing.
[INFO] [graalvm reachability metadata repository for org.jboss.logging:jboss-logging:3.4.2.Final]: Configuration directory not found. Trying latest version.
[INFO] [graalvm reachability metadata repository for org.jboss.logging:jboss-logging:3.4.2.Final]: Configuration directory is org.jboss.logging/jboss-logging/3.5.0.Final
[INFO] [graalvm reachability metadata repository for org.glassfish.jaxb:jaxb-runtime:3.0.2]: Configuration directory is org.glassfish.jaxb/jaxb-runtime/3.0.2
[INFO] [graalvm reachability metadata repository for org.bouncycastle:bcpkix-jdk15on:1.70]: Configuration directory is org.bouncycastle/bcpkix-jdk15on/1.70
[INFO] [graalvm reachability metadata repository for io.netty:netty-codec-http:4.1.90.Final]: Configuration directory not found. Trying latest version.
[INFO] [graalvm reachability metadata repository for io.netty:netty-codec-http:4.1.90.Final]: Configuration directory is io.netty/netty-codec-http/4.1.80.Final
[INFO] [graalvm reachability metadata repository for io.netty:netty-common:4.1.90.Final]: Configuration directory not found. Trying latest version.
[INFO] [graalvm reachability metadata repository for io.netty:netty-common:4.1.90.Final]: Configuration directory is io.netty/netty-common/4.1.80.Final
[INFO] [graalvm reachability metadata repository for io.netty:netty-buffer:4.1.90.Final]: Configuration directory not found. Trying latest version.
[INFO] [graalvm reachability metadata repository for io.netty:netty-buffer:4.1.90.Final]: Configuration directory is io.netty/netty-buffer/4.1.80.Final
[INFO] [graalvm reachability metadata repository for io.netty:netty-transport:4.1.90.Final]: Configuration directory not found. Trying latest version.
[INFO] [graalvm reachability metadata repository for io.netty:netty-transport:4.1.90.Final]: Configuration directory is io.netty/netty-transport/4.1.80.Final
[INFO] [graalvm reachability metadata repository for io.netty:netty-handler:4.1.90.Final]: Configuration directory not found. Trying latest version.
[INFO] [graalvm reachability metadata repository for io.netty:netty-handler:4.1.90.Final]: Configuration directory is io.netty/netty-handler/4.1.80.Final
[INFO] [graalvm reachability metadata repository for ch.qos.logback:logback-classic:1.3.0-alpha16]: Configuration directory is ch.qos.logback/logback-classic/1.2.11
[INFO] [graalvm reachability metadata repository for org.apache.commons:commons-compress:1.22]: Configuration directory not found. Trying latest version.
[INFO] [graalvm reachability metadata repository for org.apache.commons:commons-compress:1.22]: Configuration directory is org.apache.commons/commons-compress/1.23.0
[INFO] [graalvm reachability metadata repository for net.java.dev.jna:jna:5.6.0]: Configuration directory not found. Trying latest version.
[INFO] [graalvm reachability metadata repository for net.java.dev.jna:jna:5.6.0]: Configuration directory is net.java.dev.jna/jna/5.8.0
[INFO] Executing: /home/eric/.sdkman/candidates/java/current/bin/native-image -cp /mnt/c/Project1/hedgehog/native-image/target/hedgehog-native-0.0.8-SNAPSHOT.jar:/home/eric/.m2/repository/org/unigrid/hedgehog/hedgehog/0.0.8-SNAPSHOT/hedgehog-0.0.8-SNAPSHOT.jar:/home/eric/.m2/repository/info/picocli/picocli/4.7.3/picocli-4.7.3.jar:/home/eric/.m2/repository/me/alexpanov/free-port-finder/1.1.1/free-port-finder-1.1.1.jar:/home/eric/.m2/repository/commons-codec/commons-codec/1.15/commons-codec-1.15.jar:/home/eric/.m2/repository/org/apache/commons/commons-collections4/4.4/commons-collections4-4.4.jar:/home/eric/.m2/repository/org/apache/commons/commons-configuration2/2.9.0/commons-configuration2-2.9.0.jar:/home/eric/.m2/repository/org/apache/commons/commons-text/1.10.0/commons-text-1.10.0.jar:/home/eric/.m2/repository/commons-logging/commons-logging/1.2/commons-logging-1.2.jar:/home/eric/.m2/repository/org/jboss/weld/se/weld-se-core/5.1.0.Final/weld-se-core-5.1.0.Final.jar:/home/eric/.m2/repository/org/jboss/weld/environment/weld-environment-common/5.1.0.Final/weld-environment-common-5.1.0.Final.jar:/home/eric/.m2/repository/org/jboss/weld/weld-core-impl/5.1.0.Final/weld-core-impl-5.1.0.Final.jar:/home/eric/.m2/repository/org/jboss/weld/weld-api/5.0.SP3/weld-api-5.0.SP3.jar:/home/eric/.m2/repository/org/jboss/weld/weld-spi/5.0.SP3/weld-spi-5.0.SP3.jar:/home/eric/.m2/repository/org/jboss/weld/weld-lite-extension-translator/5.1.0.Final/weld-lite-extension-translator-5.1.0.Final.jar:/home/eric/.m2/repository/jakarta/interceptor/jakarta.interceptor-api/2.1.0/jakarta.interceptor-api-2.1.0.jar:/home/eric/.m2/repository/org/jboss/logging/jboss-logging-processor/2.2.1.Final/jboss-logging-processor-2.2.1.Final.jar:/home/eric/.m2/repository/org/jboss/logging/jboss-logging-annotations/2.2.1.Final/jboss-logging-annotations-2.2.1.Final.jar:/home/eric/.m2/repository/org/jboss/jdeparser/jdeparser/2.0.3.Final/jdeparser-2.0.3.Final.jar:/home/eric/.m2/repository/jakarta/enterprise/jakarta.enterprise.cdi-api/4.0.1/jakarta.enterprise.cdi-api-4.0.1.jar:/home/eric/.m2/repository/jakarta/enterprise/jakarta.enterprise.lang-model/4.0.1/jakarta.enterprise.lang-model-4.0.1.jar:/home/eric/.m2/repository/jakarta/annotation/jakarta.annotation-api/2.1.0/jakarta.annotation-api-2.1.0.jar:/home/eric/.m2/repository/org/jboss/classfilewriter/jboss-classfilewriter/1.2.5.Final/jboss-classfilewriter-1.2.5.Final.jar:/home/eric/.m2/repository/org/projectlombok/lombok/1.18.44/lombok-1.18.44.jar:/home/eric/.m2/repository/org/reflections/reflections/0.10.2/reflections-0.10.2.jar:/home/eric/.m2/repository/org/javassist/javassist/3.28.0-GA/javassist-3.28.0-GA.jar:/home/eric/.m2/repository/org/glassfish/jersey/containers/jersey-container-netty-http/3.0.10/jersey-container-netty-http-3.0.10.jar:/home/eric/.m2/repository/jakarta/inject/jakarta.inject-api/2.0.1/jakarta.inject-api-2.0.1.jar:/home/eric/.m2/repository/org/glassfish/jersey/connectors/jersey-netty-connector/3.0.10/jersey-netty-connector-3.0.10.jar:/home/eric/.m2/repository/org/glassfish/jersey/core/jersey-client/3.0.10/jersey-client-3.0.10.jar:/home/eric/.m2/repository/org/glassfish/jersey/core/jersey-common/3.0.10/jersey-common-3.0.10.jar:/home/eric/.m2/repository/org/glassfish/jersey/core/jersey-server/3.0.10/jersey-server-3.0.10.jar:/home/eric/.m2/repository/jakarta/ws/rs/jakarta.ws.rs-api/3.0.0/jakarta.ws.rs-api-3.0.0.jar:/home/eric/.m2/repository/org/glassfish/jersey/containers/jersey-container-jdk-http/3.0.10/jersey-container-jdk-http-3.0.10.jar:/home/eric/.m2/repository/org/glassfish/jersey/media/jersey-media-json-jackson/3.0.10/jersey-media-json-jackson-3.0.10.jar:/home/eric/.m2/repository/org/glassfish/jersey/ext/jersey-entity-filtering/3.0.10/jersey-entity-filtering-3.0.10.jar:/home/eric/.m2/repository/com/fasterxml/jackson/core/jackson-annotations/2.14.1/jackson-annotations-2.14.1.jar:/home/eric/.m2/repository/com/fasterxml/jackson/core/jackson-databind/2.14.1/jackson-databind-2.14.1.jar:/home/eric/.m2/repository/com/fasterxml/jackson/module/jackson-module-jakarta-xmlbind-annotations/2.14.1/jackson-module-jakarta-xmlbind-annotations-2.14.1.jar:/home/eric/.m2/repository/jakarta/xml/bind/jakarta.xml.bind-api/3.0.1/jakarta.xml.bind-api-3.0.1.jar:/home/eric/.m2/repository/org/glassfish/jersey/media/jersey-media-jaxb/3.0.10/jersey-media-jaxb-3.0.10.jar:/home/eric/.m2/repository/org/glassfish/hk2/osgi-resource-locator/1.0.3/osgi-resource-locator-1.0.3.jar:/home/eric/.m2/repository/org/glassfish/jersey/inject/jersey-hk2/3.0.10/jersey-hk2-3.0.10.jar:/home/eric/.m2/repository/org/glassfish/hk2/hk2-locator/3.0.3/hk2-locator-3.0.3.jar:/home/eric/.m2/repository/org/glassfish/hk2/external/aopalliance-repackaged/3.0.3/aopalliance-repackaged-3.0.3.jar:/home/eric/.m2/repository/org/glassfish/hk2/hk2-api/3.0.3/hk2-api-3.0.3.jar:/home/eric/.m2/repository/org/glassfish/hk2/hk2-utils/3.0.3/hk2-utils-3.0.3.jar:/home/eric/.m2/repository/org/glassfish/jersey/ext/jersey-bean-validation/3.0.10/jersey-bean-validation-3.0.10.jar:/home/eric/.m2/repository/jakarta/validation/jakarta.validation-api/3.0.0/jakarta.validation-api-3.0.0.jar:/home/eric/.m2/repository/org/hibernate/validator/hibernate-validator/7.0.5.Final/hibernate-validator-7.0.5.Final.jar:/home/eric/.m2/repository/com/fasterxml/classmate/1.5.1/classmate-1.5.1.jar:/home/eric/.m2/repository/org/jboss/logging/jboss-logging/3.4.2.Final/jboss-logging-3.4.2.Final.jar:/home/eric/.m2/repository/jakarta/el/jakarta.el-api/4.0.0/jakarta.el-api-4.0.0.jar:/home/eric/.m2/repository/org/glassfish/jakarta.el/4.0.2/jakarta.el-4.0.2.jar:/home/eric/.m2/repository/org/glassfish/jaxb/jaxb-runtime/3.0.2/jaxb-runtime-3.0.2.jar:/home/eric/.m2/repository/com/sun/activation/jakarta.activation/2.0.1/jakarta.activation-2.0.1.jar:/home/eric/.m2/repository/org/glassfish/jaxb/jaxb-core/3.0.2/jaxb-core-3.0.2.jar:/home/eric/.m2/repository/org/glassfish/jaxb/txw2/3.0.2/txw2-3.0.2.jar:/home/eric/.m2/repository/com/sun/istack/istack-commons-runtime/4.0.1/istack-commons-runtime-4.0.1.jar:/home/eric/.m2/repository/com/fasterxml/jackson/datatype/jackson-datatype-jsr310/2.13.3/jackson-datatype-jsr310-2.13.3.jar:/home/eric/.m2/repository/com/fasterxml/jackson/core/jackson-core/2.13.3/jackson-core-2.13.3.jar:/home/eric/.m2/repository/io/netty/netty-all/4.1.90.Final/netty-all-4.1.90.Final.jar:/home/eric/.m2/repository/org/bouncycastle/bcpkix-jdk15on/1.70/bcpkix-jdk15on-1.70.jar:/home/eric/.m2/repository/org/bouncycastle/bcutil-jdk15on/1.70/bcutil-jdk15on-1.70.jar:/home/eric/.m2/repository/org/bouncycastle/bcprov-jdk15on/1.70/bcprov-jdk15on-1.70.jar:/home/eric/.m2/repository/io/netty/netty-codec-http/4.1.90.Final/netty-codec-http-4.1.90.Final.jar:/home/eric/.m2/repository/io/netty/netty-common/4.1.90.Final/netty-common-4.1.90.Final.jar:/home/eric/.m2/repository/io/netty/netty-buffer/4.1.90.Final/netty-buffer-4.1.90.Final.jar:/home/eric/.m2/repository/io/netty/netty-transport/4.1.90.Final/netty-transport-4.1.90.Final.jar:/home/eric/.m2/repository/io/netty/netty-resolver/4.1.90.Final/netty-resolver-4.1.90.Final.jar:/home/eric/.m2/repository/io/netty/netty-codec/4.1.90.Final/netty-codec-4.1.90.Final.jar:/home/eric/.m2/repository/io/netty/netty-handler/4.1.90.Final/netty-handler-4.1.90.Final.jar:/home/eric/.m2/repository/io/netty/netty-transport-native-unix-common/4.1.90.Final/netty-transport-native-unix-common-4.1.90.Final.jar:/home/eric/.m2/repository/io/smallrye/jandex/3.0.5/jandex-3.0.5.jar:/home/eric/.m2/repository/ch/qos/logback/logback-classic/1.3.0-alpha16/logback-classic-1.3.0-alpha16.jar:/home/eric/.m2/repository/ch/qos/logback/logback-core/1.3.0-alpha16/logback-core-1.3.0-alpha16.jar:/home/eric/.m2/repository/org/slf4j/slf4j-api/2.0.0-alpha7/slf4j-api-2.0.0-alpha7.jar:/home/eric/.m2/repository/org/slf4j/jul-to-slf4j/2.0.0-alpha7/jul-to-slf4j-2.0.0-alpha7.jar:/home/eric/.m2/repository/com/evolvedbinary/j8fu/j8fu/1.23.0/j8fu-1.23.0.jar:/home/eric/.m2/repository/net/jcip/jcip-annotations/1.0/jcip-annotations-1.0.jar:/home/eric/.m2/repository/io/netty/incubator/netty-incubator-codec-native-quic/0.0.39.Final/netty-incubator-codec-native-quic-0.0.39.Final-linux-x86_64.jar:/home/eric/.m2/repository/io/netty/incubator/netty-incubator-codec-classes-quic/0.0.39.Final/netty-incubator-codec-classes-quic-0.0.39.Final.jar:/home/eric/.m2/repository/org/unigrid/hedgehog/hedgehog-common/0.0.8-SNAPSHOT/hedgehog-common-0.0.8-SNAPSHOT.jar:/home/eric/.m2/repository/org/apache/commons/commons-lang3/3.12.0/commons-lang3-3.12.0.jar:/home/eric/.m2/repository/org/apache/commons/commons-compress/1.22/commons-compress-1.22.jar:/home/eric/.m2/repository/org/apache/commons/commons-exec/1.3/commons-exec-1.3.jar:/home/eric/.m2/repository/net/harawata/appdirs/1.2.1/appdirs-1.2.1.jar:/home/eric/.m2/repository/net/java/dev/jna/jna-platform/5.6.0/jna-platform-5.6.0.jar:/home/eric/.m2/repository/net/java/dev/jna/jna/5.6.0/jna-5.6.0.jar --no-fallback -o /mnt/c/Project1/hedgehog/native-image/target/hedgehog.bin -H:ConfigurationFileDirectories=/mnt/c/Project1/hedgehog/native-image/target/graalvm-reachability-metadata/7c0a8afe0de504416d8de09daee3b6460fed82b4/io.netty/netty-transport/4.1.80.Final,/mnt/c/Project1/hedgehog/native-image/target/graalvm-reachability-metadata/7c0a8afe0de504416d8de09daee3b6460fed82b4/org.glassfish.jaxb/jaxb-runtime/3.0.2,/mnt/c/Project1/hedgehog/native-image/target/graalvm-reachability-metadata/7c0a8afe0de504416d8de09daee3b6460fed82b4/org.bouncycastle/bcpkix-jdk15on/1.70,/mnt/c/Project1/hedgehog/native-image/target/graalvm-reachability-metadata/7c0a8afe0de504416d8de09daee3b6460fed82b4/io.netty/netty-handler/4.1.80.Final,/mnt/c/Project1/hedgehog/native-image/target/graalvm-reachability-metadata/7c0a8afe0de504416d8de09daee3b6460fed82b4/org.apache.commons/commons-compress/1.23.0,/mnt/c/Project1/hedgehog/native-image/target/graalvm-reachability-metadata/7c0a8afe0de504416d8de09daee3b6460fed82b4/io.netty/netty-common/4.1.80.Final,/mnt/c/Project1/hedgehog/native-image/target/graalvm-reachability-metadata/7c0a8afe0de504416d8de09daee3b6460fed82b4/com.fasterxml.jackson.core/jackson-databind/2.15.2,/mnt/c/Project1/hedgehog/native-image/target/graalvm-reachability-metadata/7c0a8afe0de504416d8de09daee3b6460fed82b4/net.java.dev.jna/jna/5.8.0,/mnt/c/Project1/hedgehog/native-image/target/graalvm-reachability-metadata/7c0a8afe0de504416d8de09daee3b6460fed82b4/io.netty/netty-codec-http/4.1.80.Final,/mnt/c/Project1/hedgehog/native-image/target/graalvm-reachability-metadata/7c0a8afe0de504416d8de09daee3b6460fed82b4/ch.qos.logback/logback-classic/1.2.11,/mnt/c/Project1/hedgehog/native-image/target/graalvm-reachability-metadata/7c0a8afe0de504416d8de09daee3b6460fed82b4/io.netty/netty-buffer/4.1.80.Final,/mnt/c/Project1/hedgehog/native-image/target/graalvm-reachability-metadata/7c0a8afe0de504416d8de09daee3b6460fed82b4/commons-logging/commons-logging/1.2,/mnt/c/Project1/hedgehog/native-image/target/graalvm-reachability-metadata/7c0a8afe0de504416d8de09daee3b6460fed82b4/org.jboss.logging/jboss-logging/3.5.0.Final,/mnt/c/Project1/hedgehog/native-image/target/graalvm-reachability-metadata/7c0a8afe0de504416d8de09daee3b6460fed82b4/org.hibernate.validator/hibernate-validator/7.0.4.Final --no-fallback --allow-incomplete-classpath -DNOP=true --features=org.unigrid.hedgehog.nativeimage.BundleFeature -H:+ReportExceptionStackTraces -H:IncludeResources=application\.properties|.*\.zip --exclude-config \Q/home/eric/.m2/repository/io/netty/netty-codec-http/4.1.90.Final/netty-codec-http-4.1.90.Final.jar\E ^/META-INF/native-image/ --exclude-config \Q/home/eric/.m2/repository/io/netty/netty-common/4.1.90.Final/netty-common-4.1.90.Final.jar\E ^/META-INF/native-image/ --exclude-config \Q/home/eric/.m2/repository/io/netty/netty-buffer/4.1.90.Final/netty-buffer-4.1.90.Final.jar\E ^/META-INF/native-image/ --exclude-config \Q/home/eric/.m2/repository/io/netty/netty-transport/4.1.90.Final/netty-transport-4.1.90.Final.jar\E ^/META-INF/native-image/ --exclude-config \Q/home/eric/.m2/repository/io/netty/netty-handler/4.1.90.Final/netty-handler-4.1.90.Final.jar\E ^/META-INF/native-image/ org.unigrid.hedgehog.nativeimage.NativeImage
Warning: Using a deprecated option --allow-incomplete-classpath from command line. Allowing an incomplete classpath is now the default. Use --link-at-build-time to report linking errors at image build time for a class or package.
Warning: The option '-H:IncludeResources=application\.properties|.*\.zip' is experimental and must be enabled via '-H:+UnlockExperimentalVMOptions' in the future.
Warning: Please re-evaluate whether any experimental option is required, and either remove or unlock it. The build output lists all active experimental options, including where they come from and possible alternatives. If you think an experimental option should be considered as stable, please file an issue.
Warning: Option 'DynamicProxyConfigurationResources' is deprecated and might be removed in a future release: This can be caused by a proxy-config.json file in your META-INF directory. Consider including proxy configuration in the reflection section of reachability-metadata.md instead.. Please refer to the GraalVM release notes.
========================================================================================================================
GraalVM Native Image: Generating 'hedgehog.bin' (executable)...
========================================================================================================================
For detailed information and explanations on the build output, visit:
https://github.com/oracle/graal/blob/master/docs/reference-manual/native-image/BuildOutput.md
------------------------------------------------------------------------------------------------------------------------
Warning: "customTargetConstructorClass" is deprecated in serialization-config.json. All serializable classes can be instantiated through any superclass constructor without the use of the flag.
[HEDGEHOG] Looking for JLink zip in: /mnt/c/Project1/hedgehog/native-image/target
[HEDGEHOG] SUCCESS! Found bundle target: /mnt/c/Project1/hedgehog/native-image/target/hedgehog-native-0.0.8-SNAPSHOT-jlink.zip
[1/8] Initializing...                                                                                   (10.6s @ 0.26GB)
 Java version: 25+37, vendor version: GraalVM CE 25+37.1
 Graal compiler: optimization level: 2, target machine: x86-64-v3
 C compiler: gcc (linux, x86_64, 13.3.0)
 Garbage collector: Serial GC (max heap size: 80% of RAM)
 2 user-specific feature(s):
 - com.oracle.svm.thirdparty.gson.GsonFeature
 - org.unigrid.hedgehog.nativeimage.BundleFeature
------------------------------------------------------------------------------------------------------------------------
 1 experimental option(s) unlocked:
 - '-H:IncludeResources': Use a resource-config.json in your META-INF/native-image/<groupID>/<artifactID> directory instead. (origin(s): command line)
------------------------------------------------------------------------------------------------------------------------
Build resources:
 - 6.22GB of memory (75.6% of system memory, less than 8GB of memory available)
 - 8 thread(s) (100.0% of 8 available processor(s), determined at start)
[2/8] Performing analysis...  []                                                                         (1.1s @ 0.30GB)
      744 types,     185 fields, and     868 methods found reachable
      356 types,      69 fields, and     599 methods registered for reflection
        0 downcalls and 0 upcalls registered for foreign access

2 fatal errors detected:
Fatal error: com.oracle.graal.pointsto.constraints.UnsupportedFeatureException: An object of type 'org.slf4j.helpers.SubstituteServiceProvider' was found in the image heap. This type, however, is marked for initialization at image run time for the following reason: classes are initialized at run time by default.
This is not allowed for correctness reasons: All objects that are stored in the image heap must be initialized at build time.

You now have two options to resolve this:

1) If it is intended that objects of type 'org.slf4j.helpers.SubstituteServiceProvider' are persisted in the image heap, add 

    '--initialize-at-build-time=org.slf4j.helpers.SubstituteServiceProvider'

to the native-image arguments. Note that initializing new types can store additional objects to the heap. It is advised to check the static fields of 'org.slf4j.helpers.SubstituteServiceProvider' to see if they are safe for build-time initialization,  and that they do not contain any sensitive data that should not become part of the image.

2) If these objects should not be stored in the image heap, you can use 

    '--trace-object-instantiation=org.slf4j.helpers.SubstituteServiceProvider'

to find classes that instantiate these objects. Once you found such a class, you can mark it explicitly for run time initialization with 

    '--initialize-at-run-time=<culprit>'

to prevent the instantiation of the object.

If you are seeing this message after upgrading to a new GraalVM release, this means that some objects ended up in the image heap without their type being marked with --initialize-at-build-time.
To fix this, include '--initialize-at-build-time=org.slf4j.helpers.SubstituteServiceProvider' in your configuration. If the classes do not originate from your code, it is advised to update all library or framework dependencies to the latest version before addressing this error.

The following detailed trace displays from which field in the code the object was reached.
Object was reached by
  scanning root org.slf4j.helpers.SubstituteServiceProvider@224d1299: org.slf4j.helpers.SubstituteServiceProvider@224d1299 embedded in
    org.slf4j.LoggerFactory.getProvider(LoggerFactory.java:435)
  parsing method org.slf4j.LoggerFactory.getProvider(LoggerFactory.java:417) reachable via the parsing context
    at org.slf4j.LoggerFactory.getILoggerFactory(LoggerFactory.java:407)
    at org.slf4j.LoggerFactory.getLogger(LoggerFactory.java:356)
    at org.slf4j.LoggerFactory.getLogger(LoggerFactory.java:382)
    at org.unigrid.hedgehog.model.cdi.CDIContext.<clinit>(CDIContext.java:30)
    at static root method.(Unknown Source)

	at org.graalvm.nativeimage.pointsto/com.oracle.graal.pointsto.heap.ImageHeapScanner.onObjectReachable(ImageHeapScanner.java:618)
	at org.graalvm.nativeimage.builder/com.oracle.svm.hosted.heap.SVMImageHeapScanner.onObjectReachable(SVMImageHeapScanner.java:127)
	at org.graalvm.nativeimage.pointsto/com.oracle.graal.pointsto.heap.ImageHeapScanner.lambda$markReachable$0(ImageHeapScanner.java:589)
	at org.graalvm.nativeimage.pointsto/com.oracle.graal.pointsto.util.CompletionExecutor.executeCommand(CompletionExecutor.java:166)
	at org.graalvm.nativeimage.pointsto/com.oracle.graal.pointsto.util.CompletionExecutor.lambda$executeService$0(CompletionExecutor.java:152)
	at java.base/java.util.concurrent.ForkJoinTask$RunnableExecuteAction.compute(ForkJoinTask.java:1750)
	at java.base/java.util.concurrent.ForkJoinTask$RunnableExecuteAction.compute(ForkJoinTask.java:1742)
	at java.base/java.util.concurrent.ForkJoinTask$InterruptibleTask.exec(ForkJoinTask.java:1659)
	at java.base/java.util.concurrent.ForkJoinTask.doExec(ForkJoinTask.java:511)
	at java.base/java.util.concurrent.ForkJoinPool$WorkQueue.topLevelExec(ForkJoinPool.java:1450)
	at java.base/java.util.concurrent.ForkJoinPool.runWorker(ForkJoinPool.java:2019)
	at java.base/java.util.concurrent.ForkJoinWorkerThread.run(ForkJoinWorkerThread.java:187)
Caused by: com.oracle.graal.pointsto.constraints.UnsupportedFeatureException: An object of type 'org.slf4j.helpers.SubstituteServiceProvider' was found in the image heap. This type, however, is marked for initialization at image run time for the following reason: classes are initialized at run time by default.
This is not allowed for correctness reasons: All objects that are stored in the image heap must be initialized at build time.

You now have two options to resolve this:

1) If it is intended that objects of type 'org.slf4j.helpers.SubstituteServiceProvider' are persisted in the image heap, add 

    '--initialize-at-build-time=org.slf4j.helpers.SubstituteServiceProvider'

to the native-image arguments. Note that initializing new types can store additional objects to the heap. It is advised to check the static fields of 'org.slf4j.helpers.SubstituteServiceProvider' to see if they are safe for build-time initialization,  and that they do not contain any sensitive data that should not become part of the image.

2) If these objects should not be stored in the image heap, you can use 

    '--trace-object-instantiation=org.slf4j.helpers.SubstituteServiceProvider'

to find classes that instantiate these objects. Once you found such a class, you can mark it explicitly for run time initialization with 

    '--initialize-at-run-time=<culprit>'

to prevent the instantiation of the object.

If you are seeing this message after upgrading to a new GraalVM release, this means that some objects ended up in the image heap without their type being marked with --initialize-at-build-time.
To fix this, include '--initialize-at-build-time=org.slf4j.helpers.SubstituteServiceProvider' in your configuration. If the classes do not originate from your code, it is advised to update all library or framework dependencies to the latest version before addressing this error.

The following detailed trace displays from which field in the code the object was reached.
	at org.graalvm.nativeimage.builder/com.oracle.svm.hosted.classinitialization.ClassInitializationFeature.checkImageHeapInstance(ClassInitializationFeature.java:205)
	at org.graalvm.nativeimage.builder/com.oracle.svm.hosted.SVMHost.validateReachableObject(SVMHost.java:371)
	at org.graalvm.nativeimage.pointsto/com.oracle.graal.pointsto.heap.ImageHeapScanner.onObjectReachable(ImageHeapScanner.java:607)
	... 11 more
Fatal error: com.oracle.graal.pointsto.constraints.UnsupportedFeatureException: An object of type 'org.slf4j.helpers.NOP_FallbackServiceProvider' was found in the image heap. This type, however, is marked for initialization at image run time for the following reason: classes are initialized at run time by default.
This is not allowed for correctness reasons: All objects that are stored in the image heap must be initialized at build time.

You now have two options to resolve this:

1) If it is intended that objects of type 'org.slf4j.helpers.NOP_FallbackServiceProvider' are persisted in the image heap, add 

    '--initialize-at-build-time=org.slf4j.helpers.NOP_FallbackServiceProvider'

to the native-image arguments. Note that initializing new types can store additional objects to the heap. It is advised to check the static fields of 'org.slf4j.helpers.NOP_FallbackServiceProvider' to see if they are safe for build-time initialization,  and that they do not contain any sensitive data that should not become part of the image.

2) If these objects should not be stored in the image heap, you can use 

    '--trace-object-instantiation=org.slf4j.helpers.NOP_FallbackServiceProvider'

to find classes that instantiate these objects. Once you found such a class, you can mark it explicitly for run time initialization with 

    '--initialize-at-run-time=<culprit>'

to prevent the instantiation of the object.

If you are seeing this message after upgrading to a new GraalVM release, this means that some objects ended up in the image heap without their type being marked with --initialize-at-build-time.
To fix this, include '--initialize-at-build-time=org.slf4j.helpers.NOP_FallbackServiceProvider' in your configuration. If the classes do not originate from your code, it is advised to update all library or framework dependencies to the latest version before addressing this error.

The following detailed trace displays from which field in the code the object was reached.
Object was reached by
  scanning root org.slf4j.helpers.NOP_FallbackServiceProvider@d70a60f: org.slf4j.helpers.NOP_FallbackServiceProvider@d70a60f embedded in
    org.slf4j.LoggerFactory.getProvider(LoggerFactory.java:429)
  parsing method org.slf4j.LoggerFactory.getProvider(LoggerFactory.java:417) reachable via the parsing context
    at org.slf4j.LoggerFactory.getILoggerFactory(LoggerFactory.java:407)
    at org.slf4j.LoggerFactory.getLogger(LoggerFactory.java:356)
    at org.slf4j.LoggerFactory.getLogger(LoggerFactory.java:382)
    at org.unigrid.hedgehog.model.cdi.CDIContext.<clinit>(CDIContext.java:30)
    at static root method.(Unknown Source)

	at org.graalvm.nativeimage.pointsto/com.oracle.graal.pointsto.heap.ImageHeapScanner.onObjectReachable(ImageHeapScanner.java:618)
	at org.graalvm.nativeimage.builder/com.oracle.svm.hosted.heap.SVMImageHeapScanner.onObjectReachable(SVMImageHeapScanner.java:127)
	at org.graalvm.nativeimage.pointsto/com.oracle.graal.pointsto.heap.ImageHeapScanner.lambda$markReachable$0(ImageHeapScanner.java:589)
	at org.graalvm.nativeimage.pointsto/com.oracle.graal.pointsto.util.CompletionExecutor.executeCommand(CompletionExecutor.java:166)
	at org.graalvm.nativeimage.pointsto/com.oracle.graal.pointsto.util.CompletionExecutor.lambda$executeService$0(CompletionExecutor.java:152)
	at java.base/java.util.concurrent.ForkJoinTask$RunnableExecuteAction.compute(ForkJoinTask.java:1750)
	at java.base/java.util.concurrent.ForkJoinTask$RunnableExecuteAction.compute(ForkJoinTask.java:1742)
	at java.base/java.util.concurrent.ForkJoinTask$InterruptibleTask.exec(ForkJoinTask.java:1659)
	at java.base/java.util.concurrent.ForkJoinTask.doExec(ForkJoinTask.java:511)
	at java.base/java.util.concurrent.ForkJoinPool$WorkQueue.topLevelExec(ForkJoinPool.java:1450)
	at java.base/java.util.concurrent.ForkJoinPool.runWorker(ForkJoinPool.java:2019)
	at java.base/java.util.concurrent.ForkJoinWorkerThread.run(ForkJoinWorkerThread.java:187)
Caused by: com.oracle.graal.pointsto.constraints.UnsupportedFeatureException: An object of type 'org.slf4j.helpers.NOP_FallbackServiceProvider' was found in the image heap. This type, however, is marked for initialization at image run time for the following reason: classes are initialized at run time by default.
This is not allowed for correctness reasons: All objects that are stored in the image heap must be initialized at build time.

You now have two options to resolve this:

1) If it is intended that objects of type 'org.slf4j.helpers.NOP_FallbackServiceProvider' are persisted in the image heap, add 

    '--initialize-at-build-time=org.slf4j.helpers.NOP_FallbackServiceProvider'

to the native-image arguments. Note that initializing new types can store additional objects to the heap. It is advised to check the static fields of 'org.slf4j.helpers.NOP_FallbackServiceProvider' to see if they are safe for build-time initialization,  and that they do not contain any sensitive data that should not become part of the image.

2) If these objects should not be stored in the image heap, you can use 

    '--trace-object-instantiation=org.slf4j.helpers.NOP_FallbackServiceProvider'

to find classes that instantiate these objects. Once you found such a class, you can mark it explicitly for run time initialization with 

    '--initialize-at-run-time=<culprit>'

to prevent the instantiation of the object.

If you are seeing this message after upgrading to a new GraalVM release, this means that some objects ended up in the image heap without their type being marked with --initialize-at-build-time.
To fix this, include '--initialize-at-build-time=org.slf4j.helpers.NOP_FallbackServiceProvider' in your configuration. If the classes do not originate from your code, it is advised to update all library or framework dependencies to the latest version before addressing this error.

The following detailed trace displays from which field in the code the object was reached.
	at org.graalvm.nativeimage.builder/com.oracle.svm.hosted.classinitialization.ClassInitializationFeature.checkImageHeapInstance(ClassInitializationFeature.java:205)
	at org.graalvm.nativeimage.builder/com.oracle.svm.hosted.SVMHost.validateReachableObject(SVMHost.java:371)
	at org.graalvm.nativeimage.pointsto/com.oracle.graal.pointsto.heap.ImageHeapScanner.onObjectReachable(ImageHeapScanner.java:607)
	... 11 more
------------------------------------------------------------------------------------------------------------------------
                        0.6s (4.5% of total time) in 71 GCs | Peak RSS: 1.02GB | CPU load: 3.55
========================================================================================================================
Failed generating 'hedgehog.bin' after 12.7s.
[INFO] ------------------------------------------------------------------------
[INFO] BUILD FAILURE
[INFO] ------------------------------------------------------------------------
[INFO] Total time:  02:01 min
[INFO] Finished at: 2026-05-26T19:07:45+02:00
[INFO] ------------------------------------------------------------------------
[ERROR] Failed to execute goal org.graalvm.buildtools:native-maven-plugin:0.10.2:compile-no-fork (build-native) on project hedgehog-native: Execution of /home/eric/.sdkman/candidates/java/current/bin/native-image -cp /mnt/c/Project1/hedgehog/native-image/target/hedgehog-native-0.0.8-SNAPSHOT.jar:/home/eric/.m2/repository/org/unigrid/hedgehog/hedgehog/0.0.8-SNAPSHOT/hedgehog-0.0.8-SNAPSHOT.jar:/home/eric/.m2/repository/info/picocli/picocli/4.7.3/picocli-4.7.3.jar:/home/eric/.m2/repository/me/alexpanov/free-port-finder/1.1.1/free-port-finder-1.1.1.jar:/home/eric/.m2/repository/commons-codec/commons-codec/1.15/commons-codec-1.15.jar:/home/eric/.m2/repository/org/apache/commons/commons-collections4/4.4/commons-collections4-4.4.jar:/home/eric/.m2/repository/org/apache/commons/commons-configuration2/2.9.0/commons-configuration2-2.9.0.jar:/home/eric/.m2/repository/org/apache/commons/commons-text/1.10.0/commons-text-1.10.0.jar:/home/eric/.m2/repository/commons-logging/commons-logging/1.2/commons-logging-1.2.jar:/home/eric/.m2/repository/org/jboss/weld/se/weld-se-core/5.1.0.Final/weld-se-core-5.1.0.Final.jar:/home/eric/.m2/repository/org/jboss/weld/environment/weld-environment-common/5.1.0.Final/weld-environment-common-5.1.0.Final.jar:/home/eric/.m2/repository/org/jboss/weld/weld-core-impl/5.1.0.Final/weld-core-impl-5.1.0.Final.jar:/home/eric/.m2/repository/org/jboss/weld/weld-api/5.0.SP3/weld-api-5.0.SP3.jar:/home/eric/.m2/repository/org/jboss/weld/weld-spi/5.0.SP3/weld-spi-5.0.SP3.jar:/home/eric/.m2/repository/org/jboss/weld/weld-lite-extension-translator/5.1.0.Final/weld-lite-extension-translator-5.1.0.Final.jar:/home/eric/.m2/repository/jakarta/interceptor/jakarta.interceptor-api/2.1.0/jakarta.interceptor-api-2.1.0.jar:/home/eric/.m2/repository/org/jboss/logging/jboss-logging-processor/2.2.1.Final/jboss-logging-processor-2.2.1.Final.jar:/home/eric/.m2/repository/org/jboss/logging/jboss-logging-annotations/2.2.1.Final/jboss-logging-annotations-2.2.1.Final.jar:/home/eric/.m2/repository/org/jboss/jdeparser/jdeparser/2.0.3.Final/jdeparser-2.0.3.Final.jar:/home/eric/.m2/repository/jakarta/enterprise/jakarta.enterprise.cdi-api/4.0.1/jakarta.enterprise.cdi-api-4.0.1.jar:/home/eric/.m2/repository/jakarta/enterprise/jakarta.enterprise.lang-model/4.0.1/jakarta.enterprise.lang-model-4.0.1.jar:/home/eric/.m2/repository/jakarta/annotation/jakarta.annotation-api/2.1.0/jakarta.annotation-api-2.1.0.jar:/home/eric/.m2/repository/org/jboss/classfilewriter/jboss-classfilewriter/1.2.5.Final/jboss-classfilewriter-1.2.5.Final.jar:/home/eric/.m2/repository/org/projectlombok/lombok/1.18.44/lombok-1.18.44.jar:/home/eric/.m2/repository/org/reflections/reflections/0.10.2/reflections-0.10.2.jar:/home/eric/.m2/repository/org/javassist/javassist/3.28.0-GA/javassist-3.28.0-GA.jar:/home/eric/.m2/repository/org/glassfish/jersey/containers/jersey-container-netty-http/3.0.10/jersey-container-netty-http-3.0.10.jar:/home/eric/.m2/repository/jakarta/inject/jakarta.inject-api/2.0.1/jakarta.inject-api-2.0.1.jar:/home/eric/.m2/repository/org/glassfish/jersey/connectors/jersey-netty-connector/3.0.10/jersey-netty-connector-3.0.10.jar:/home/eric/.m2/repository/org/glassfish/jersey/core/jersey-client/3.0.10/jersey-client-3.0.10.jar:/home/eric/.m2/repository/org/glassfish/jersey/core/jersey-common/3.0.10/jersey-common-3.0.10.jar:/home/eric/.m2/repository/org/glassfish/jersey/core/jersey-server/3.0.10/jersey-server-3.0.10.jar:/home/eric/.m2/repository/jakarta/ws/rs/jakarta.ws.rs-api/3.0.0/jakarta.ws.rs-api-3.0.0.jar:/home/eric/.m2/repository/org/glassfish/jersey/containers/jersey-container-jdk-http/3.0.10/jersey-container-jdk-http-3.0.10.jar:/home/eric/.m2/repository/org/glassfish/jersey/media/jersey-media-json-jackson/3.0.10/jersey-media-json-jackson-3.0.10.jar:/home/eric/.m2/repository/org/glassfish/jersey/ext/jersey-entity-filtering/3.0.10/jersey-entity-filtering-3.0.10.jar:/home/eric/.m2/repository/com/fasterxml/jackson/core/jackson-annotations/2.14.1/jackson-annotations-2.14.1.jar:/home/eric/.m2/repository/com/fasterxml/jackson/core/jackson-databind/2.14.1/jackson-databind-2.14.1.jar:/home/eric/.m2/repository/com/fasterxml/jackson/module/jackson-module-jakarta-xmlbind-annotations/2.14.1/jackson-module-jakarta-xmlbind-annotations-2.14.1.jar:/home/eric/.m2/repository/jakarta/xml/bind/jakarta.xml.bind-api/3.0.1/jakarta.xml.bind-api-3.0.1.jar:/home/eric/.m2/repository/org/glassfish/jersey/media/jersey-media-jaxb/3.0.10/jersey-media-jaxb-3.0.10.jar:/home/eric/.m2/repository/org/glassfish/hk2/osgi-resource-locator/1.0.3/osgi-resource-locator-1.0.3.jar:/home/eric/.m2/repository/org/glassfish/jersey/inject/jersey-hk2/3.0.10/jersey-hk2-3.0.10.jar:/home/eric/.m2/repository/org/glassfish/hk2/hk2-locator/3.0.3/hk2-locator-3.0.3.jar:/home/eric/.m2/repository/org/glassfish/hk2/external/aopalliance-repackaged/3.0.3/aopalliance-repackaged-3.0.3.jar:/home/eric/.m2/repository/org/glassfish/hk2/hk2-api/3.0.3/hk2-api-3.0.3.jar:/home/eric/.m2/repository/org/glassfish/hk2/hk2-utils/3.0.3/hk2-utils-3.0.3.jar:/home/eric/.m2/repository/org/glassfish/jersey/ext/jersey-bean-validation/3.0.10/jersey-bean-validation-3.0.10.jar:/home/eric/.m2/repository/jakarta/validation/jakarta.validation-api/3.0.0/jakarta.validation-api-3.0.0.jar:/home/eric/.m2/repository/org/hibernate/validator/hibernate-validator/7.0.5.Final/hibernate-validator-7.0.5.Final.jar:/home/eric/.m2/repository/com/fasterxml/classmate/1.5.1/classmate-1.5.1.jar:/home/eric/.m2/repository/org/jboss/logging/jboss-logging/3.4.2.Final/jboss-logging-3.4.2.Final.jar:/home/eric/.m2/repository/jakarta/el/jakarta.el-api/4.0.0/jakarta.el-api-4.0.0.jar:/home/eric/.m2/repository/org/glassfish/jakarta.el/4.0.2/jakarta.el-4.0.2.jar:/home/eric/.m2/repository/org/glassfish/jaxb/jaxb-runtime/3.0.2/jaxb-runtime-3.0.2.jar:/home/eric/.m2/repository/com/sun/activation/jakarta.activation/2.0.1/jakarta.activation-2.0.1.jar:/home/eric/.m2/repository/org/glassfish/jaxb/jaxb-core/3.0.2/jaxb-core-3.0.2.jar:/home/eric/.m2/repository/org/glassfish/jaxb/txw2/3.0.2/txw2-3.0.2.jar:/home/eric/.m2/repository/com/sun/istack/istack-commons-runtime/4.0.1/istack-commons-runtime-4.0.1.jar:/home/eric/.m2/repository/com/fasterxml/jackson/datatype/jackson-datatype-jsr310/2.13.3/jackson-datatype-jsr310-2.13.3.jar:/home/eric/.m2/repository/com/fasterxml/jackson/core/jackson-core/2.13.3/jackson-core-2.13.3.jar:/home/eric/.m2/repository/io/netty/netty-all/4.1.90.Final/netty-all-4.1.90.Final.jar:/home/eric/.m2/repository/org/bouncycastle/bcpkix-jdk15on/1.70/bcpkix-jdk15on-1.70.jar:/home/eric/.m2/repository/org/bouncycastle/bcutil-jdk15on/1.70/bcutil-jdk15on-1.70.jar:/home/eric/.m2/repository/org/bouncycastle/bcprov-jdk15on/1.70/bcprov-jdk15on-1.70.jar:/home/eric/.m2/repository/io/netty/netty-codec-http/4.1.90.Final/netty-codec-http-4.1.90.Final.jar:/home/eric/.m2/repository/io/netty/netty-common/4.1.90.Final/netty-common-4.1.90.Final.jar:/home/eric/.m2/repository/io/netty/netty-buffer/4.1.90.Final/netty-buffer-4.1.90.Final.jar:/home/eric/.m2/repository/io/netty/netty-transport/4.1.90.Final/netty-transport-4.1.90.Final.jar:/home/eric/.m2/repository/io/netty/netty-resolver/4.1.90.Final/netty-resolver-4.1.90.Final.jar:/home/eric/.m2/repository/io/netty/netty-codec/4.1.90.Final/netty-codec-4.1.90.Final.jar:/home/eric/.m2/repository/io/netty/netty-handler/4.1.90.Final/netty-handler-4.1.90.Final.jar:/home/eric/.m2/repository/io/netty/netty-transport-native-unix-common/4.1.90.Final/netty-transport-native-unix-common-4.1.90.Final.jar:/home/eric/.m2/repository/io/smallrye/jandex/3.0.5/jandex-3.0.5.jar:/home/eric/.m2/repository/ch/qos/logback/logback-classic/1.3.0-alpha16/logback-classic-1.3.0-alpha16.jar:/home/eric/.m2/repository/ch/qos/logback/logback-core/1.3.0-alpha16/logback-core-1.3.0-alpha16.jar:/home/eric/.m2/repository/org/slf4j/slf4j-api/2.0.0-alpha7/slf4j-api-2.0.0-alpha7.jar:/home/eric/.m2/repository/org/slf4j/jul-to-slf4j/2.0.0-alpha7/jul-to-slf4j-2.0.0-alpha7.jar:/home/eric/.m2/repository/com/evolvedbinary/j8fu/j8fu/1.23.0/j8fu-1.23.0.jar:/home/eric/.m2/repository/net/jcip/jcip-annotations/1.0/jcip-annotations-1.0.jar:/home/eric/.m2/repository/io/netty/incubator/netty-incubator-codec-native-quic/0.0.39.Final/netty-incubator-codec-native-quic-0.0.39.Final-linux-x86_64.jar:/home/eric/.m2/repository/io/netty/incubator/netty-incubator-codec-classes-quic/0.0.39.Final/netty-incubator-codec-classes-quic-0.0.39.Final.jar:/home/eric/.m2/repository/org/unigrid/hedgehog/hedgehog-common/0.0.8-SNAPSHOT/hedgehog-common-0.0.8-SNAPSHOT.jar:/home/eric/.m2/repository/org/apache/commons/commons-lang3/3.12.0/commons-lang3-3.12.0.jar:/home/eric/.m2/repository/org/apache/commons/commons-compress/1.22/commons-compress-1.22.jar:/home/eric/.m2/repository/org/apache/commons/commons-exec/1.3/commons-exec-1.3.jar:/home/eric/.m2/repository/net/harawata/appdirs/1.2.1/appdirs-1.2.1.jar:/home/eric/.m2/repository/net/java/dev/jna/jna-platform/5.6.0/jna-platform-5.6.0.jar:/home/eric/.m2/repository/net/java/dev/jna/jna/5.6.0/jna-5.6.0.jar --no-fallback -o /mnt/c/Project1/hedgehog/native-image/target/hedgehog.bin -H:ConfigurationFileDirectories=/mnt/c/Project1/hedgehog/native-image/target/graalvm-reachability-metadata/7c0a8afe0de504416d8de09daee3b6460fed82b4/io.netty/netty-transport/4.1.80.Final,/mnt/c/Project1/hedgehog/native-image/target/graalvm-reachability-metadata/7c0a8afe0de504416d8de09daee3b6460fed82b4/org.glassfish.jaxb/jaxb-runtime/3.0.2,/mnt/c/Project1/hedgehog/native-image/target/graalvm-reachability-metadata/7c0a8afe0de504416d8de09daee3b6460fed82b4/org.bouncycastle/bcpkix-jdk15on/1.70,/mnt/c/Project1/hedgehog/native-image/target/graalvm-reachability-metadata/7c0a8afe0de504416d8de09daee3b6460fed82b4/io.netty/netty-handler/4.1.80.Final,/mnt/c/Project1/hedgehog/native-image/target/graalvm-reachability-metadata/7c0a8afe0de504416d8de09daee3b6460fed82b4/org.apache.commons/commons-compress/1.23.0,/mnt/c/Project1/hedgehog/native-image/target/graalvm-reachability-metadata/7c0a8afe0de504416d8de09daee3b6460fed82b4/io.netty/netty-common/4.1.80.Final,/mnt/c/Project1/hedgehog/native-image/target/graalvm-reachability-metadata/7c0a8afe0de504416d8de09daee3b6460fed82b4/com.fasterxml.jackson.core/jackson-databind/2.15.2,/mnt/c/Project1/hedgehog/native-image/target/graalvm-reachability-metadata/7c0a8afe0de504416d8de09daee3b6460fed82b4/net.java.dev.jna/jna/5.8.0,/mnt/c/Project1/hedgehog/native-image/target/graalvm-reachability-metadata/7c0a8afe0de504416d8de09daee3b6460fed82b4/io.netty/netty-codec-http/4.1.80.Final,/mnt/c/Project1/hedgehog/native-image/target/graalvm-reachability-metadata/7c0a8afe0de504416d8de09daee3b6460fed82b4/ch.qos.logback/logback-classic/1.2.11,/mnt/c/Project1/hedgehog/native-image/target/graalvm-reachability-metadata/7c0a8afe0de504416d8de09daee3b6460fed82b4/io.netty/netty-buffer/4.1.80.Final,/mnt/c/Project1/hedgehog/native-image/target/graalvm-reachability-metadata/7c0a8afe0de504416d8de09daee3b6460fed82b4/commons-logging/commons-logging/1.2,/mnt/c/Project1/hedgehog/native-image/target/graalvm-reachability-metadata/7c0a8afe0de504416d8de09daee3b6460fed82b4/org.jboss.logging/jboss-logging/3.5.0.Final,/mnt/c/Project1/hedgehog/native-image/target/graalvm-reachability-metadata/7c0a8afe0de504416d8de09daee3b6460fed82b4/org.hibernate.validator/hibernate-validator/7.0.4.Final --no-fallback --allow-incomplete-classpath -DNOP=true --features=org.unigrid.hedgehog.nativeimage.BundleFeature -H:+ReportExceptionStackTraces -H:IncludeResources=application\.properties|.*\.zip --exclude-config \Q/home/eric/.m2/repository/io/netty/netty-codec-http/4.1.90.Final/netty-codec-http-4.1.90.Final.jar\E ^/META-INF/native-image/ --exclude-config \Q/home/eric/.m2/repository/io/netty/netty-common/4.1.90.Final/netty-common-4.1.90.Final.jar\E ^/META-INF/native-image/ --exclude-config \Q/home/eric/.m2/repository/io/netty/netty-buffer/4.1.90.Final/netty-buffer-4.1.90.Final.jar\E ^/META-INF/native-image/ --exclude-config \Q/home/eric/.m2/repository/io/netty/netty-transport/4.1.90.Final/netty-transport-4.1.90.Final.jar\E ^/META-INF/native-image/ --exclude-config \Q/home/eric/.m2/repository/io/netty/netty-handler/4.1.90.Final/netty-handler-4.1.90.Final.jar\E ^/META-INF/native-image/ org.unigrid.hedgehog.nativeimage.NativeImage returned non-zero result -> [Help 1]
[ERROR] 
[ERROR] To see the full stack trace of the errors, re-run Maven with the -e switch.
[ERROR] Re-run Maven using the -X switch to enable full debug logging.
[ERROR] 
[ERROR] For more information about the errors and possible solutions, please read the following articles:
[ERROR] [Help 1] http://cwiki.apache.org/confluence/display/MAVEN/MojoExecutionException
